// Vitest Snapshot v1, https://vitest.dev/guide/snapshot.html

exports[`Container component > should always render child elements 1`] = `
<div>
  <div
    class="m-auto flex flex-col items-center"
  >
    child
  </div>
</div>
`;
