// Vitest Snapshot v1, https://vitest.dev/guide/snapshot.html

exports[`Links component > should match snapshot 1`] = `
<div>
  <a
    class="link"
    href="/3"
  >
    Route #3
  </a>
  <a
    class="link"
    href="/2"
  >
    Route #2
  </a>
  <a
    class="link"
    href="/0"
  >
    Route #0
  </a>
</div>
`;
