// Vitest Snapshot v1, https://vitest.dev/guide/snapshot.html

exports[`Content component > should always render child elements 1`] = `
<div>
  <div
    class="flex w-full flex-grow flex-col items-center"
  >
    child
  </div>
</div>
`;
