// Vitest Snapshot v1, https://vitest.dev/guide/snapshot.html

exports[`Separator component > should match snapshot 1`] = `
<div>
  <div
    class="separator w-100 mb-3"
  />
</div>
`;
